DWT_Delay.h:18:22:DWT_Delay_us	24	static
DWT_Delay.h:27:22:DWT_Delay_ms	24	static
DWT_Delay.c:11:10:DWT_Delay_Init	4	static,ignoring_inline_asm
LCD16x2.c:15:6:LCD_DATA	16	static
LCD16x2.c:34:6:LCD_CMD	16	static
LCD16x2.c:46:6:LCD_Clear	8	static
LCD16x2.c:51:6:LCD_Set_Cursor	24	static
LCD16x2.c:72:6:LCD_Init	48	static
LCD16x2.c:120:6:LCD_Write_Char	24	static
LCD16x2.c:140:6:LCD_Write_String	24	static
LCD16x2.c:146:6:LCD_SL	8	static
LCD16x2.c:152:6:LCD_SR	8	static
main.c:67:5:main	8	static
main.c:116:6:SystemClock_Config	88	static
main.c:161:13:MX_USART2_UART_Init	8	static
main.c:194:13:MX_GPIO_Init	48	static
main.c:243:6:Error_Handler	4	static,ignoring_inline_asm
